// Jest Snapshot v1, https://goo.gl/fbAQLP

exports[`Text component sanity matches default snapshot 1`] = `
.c0 {
  box-sizing: border-box;
  font-size: 16px;
  font-weight: 400;
  line-height: 1.5;
}

<div
  class="c0"
  font-size="2"
  font-weight="2"
/>
`;

exports[`Text component sanity matches themed snapshot 1`] = `
.c0 {
  box-sizing: border-box;
  font-size: 16px;
  font-weight: 400;
  line-height: 1.5;
}

<div
  class="c0"
  font-size="2"
  font-weight="2"
/>
`;
