// Jest Snapshot v1, https://goo.gl/fbAQLP

exports[`Blockie component sanity matches default snapshot 1`] = `<canvas />`;

exports[`Blockie component sanity matches themed snapshot 1`] = `<canvas />`;
