// Jest Snapshot v1, https://goo.gl/fbAQLP

exports[`Icon component sanity matches default snapshot 1`] = `
.c1 {
  -webkit-flex: none;
  -ms-flex: none;
  flex: none;
  color: inherit;
}

.c0 {
  box-sizing: border-box;
  display: -webkit-inline-box;
  display: -webkit-inline-flex;
  display: -ms-inline-flexbox;
  display: inline-flex;
}

<div
  class="c0"
  display="inline-flex"
>
  <svg
    class="c1"
    color="inherit"
    fill="currentcolor"
    height="24px"
    viewBox="0 0 24 24"
    width="24px"
  >
    <path
      d="M19 6.41L17.59 5 12 10.59 6.41 5 5 6.41 10.59 12 5 17.59 6.41 19 12 13.41 17.59 19 19 17.59 13.41 12z"
    />
  </svg>
</div>
`;

exports[`Icon component sanity matches themed snapshot 1`] = `
.c1 {
  -webkit-flex: none;
  -ms-flex: none;
  flex: none;
  color: inherit;
}

.c0 {
  box-sizing: border-box;
  display: -webkit-inline-box;
  display: -webkit-inline-flex;
  display: -ms-inline-flexbox;
  display: inline-flex;
}

<div
  class="c0"
  display="inline-flex"
>
  <svg
    class="c1"
    color="inherit"
    fill="currentcolor"
    height="24px"
    viewBox="0 0 24 24"
    width="24px"
  >
    <path
      d="M19 6.41L17.59 5 12 10.59 6.41 5 5 6.41 10.59 12 5 17.59 6.41 19 12 13.41 17.59 19 19 17.59 13.41 12z"
    />
  </svg>
</div>
`;
