// Jest Snapshot v1, https://goo.gl/fbAQLP

exports[`File Input component sanity matches default snapshot 1`] = `
.c3 {
  box-sizing: border-box;
  display: -webkit-inline-box;
  display: -webkit-inline-flex;
  display: -ms-inline-flexbox;
  display: inline-flex;
}

.c4 {
  -webkit-flex: none;
  -ms-flex: none;
  flex: none;
  color: inherit;
}

.c2 {
  box-sizing: border-box;
  position: relative;
  height: 3rem;
  min-width: 3rem;
  padding-left: 32px;
  padding-right: 32px;
  padding-top: 0;
  padding-bottom: 0;
  font-size: inherit;
  font-family: "Source Sans Pro",-apple-system,sans-serif;
  font-weight: 600;
  line-height: 1;
  color: #fff;
  background-color: #999;
  border: none;
  border-radius: 4px;
  box-shadow: 0px 2px 4px rgba(0,0,0,0.1);
  --main-color: #4E3FCE;
  --contrast-color: #fff;
}

.c2 {
  -webkit-font-smoothing: antialiased;
  -webkit-appearance: none;
  -moz-appearance: none;
  appearance: none;
  -webkit-user-select: none;
  -moz-user-select: none;
  -ms-user-select: none;
  user-select: none;
  white-space: nowrap;
  -webkit-text-decoration: none;
  text-decoration: none;
  text-align: center;
  overflow: hidden;
  display: -webkit-inline-box;
  display: -webkit-inline-flex;
  display: -ms-inline-flexbox;
  display: inline-flex;
  -webkit-align-items: center;
  -webkit-box-align: center;
  -ms-flex-align: center;
  align-items: center;
  -webkit-box-pack: center;
  -webkit-justify-content: center;
  -ms-flex-pack: center;
  justify-content: center;
}

.c2:hover {
  cursor: pointer;
}

.c2:disabled {
  opacity: 0.5;
  pointer-events: none;
}

.c2 > span.button-text {
  display: -webkit-inline-box;
  display: -webkit-inline-flex;
  display: -ms-inline-flexbox;
  display: inline-flex;
}

.c2 > div > svg,
.c2 > span.button-text {
  position: relative;
  z-index: 1;
  -webkit-user-select: none;
  -moz-user-select: none;
  -ms-user-select: none;
  user-select: none;
  pointer-events: none;
}

.c2 > div > svg {
  display: block;
}

.c2 > div:first-child > svg {
  margin-left: -0.5rem;
  margin-right: .5rem;
}

.c2 > div:last-child > svg {
  margin-left: .5rem;
  margin-right: -0.5rem;
}

.c2 > div:first-child:last-child > svg {
  margin: 0;
}

.c2 {
  color: var(--contrast-color);
  background: #FFF;
  z-index: 0;
  -webkit-transition: all 0.15s ease;
  transition: all 0.15s ease;
}

.c2:hover {
  -webkit-text-decoration: inherit;
  text-decoration: inherit;
  box-shadow: 0px 2px 4px rgba(0,0,0,0.2);
}

.c2:hover::before {
  opacity: 0.9;
}

.c2:active {
  box-shadow: none;
  background: #000;
}

.c2::before {
  content: '';
  position: absolute;
  top: 0;
  bottom: 0;
  left: 0;
  right: 0;
  z-index: 1;
  height: 100%;
  width: 100%;
  background: var(--main-color);
  pointer-events: none;
}

.c1 {
  width: 0;
  height: 0;
  opacity: 0;
  position: absolute;
  overflow: hidden;
  z-index: -1;
}

.c0 {
  display: inline-block;
  position: relative;
  cursor: pointer;
}

<label
  class="c0"
>
  <input
    class="c1"
    type="file"
  />
  <button
    class="sc-kcIISf c2"
    color="white"
    font-family="sansSerif"
    font-size="inherit"
    font-weight="3"
    height="3rem"
  >
    <div
      class="c3"
      display="inline-flex"
    >
      <svg
        class="c4"
        color="inherit"
        fill="currentcolor"
        height="24px"
        viewBox="0 0 24 24"
        width="24px"
      >
        <path
          d="M0 0h24v24H0z"
          fill="none"
        />
        <path
          d="M19.35 10.04A7.49 7.49 0 0012 4C9.11 4 6.6 5.64 5.35 8.04A5.994 5.994 0 000 14c0 3.31 2.69 6 6 6h13c2.76 0 5-2.24 5-5 0-2.64-2.05-4.78-4.65-4.96zM14 13v4h-4v-4H7l5-5 5 5h-3z"
        />
      </svg>
    </div>
    <span
      class="button-text"
    >
      Choose file…
    </span>
  </button>
</label>
`;

exports[`File Input component sanity matches themed snapshot 1`] = `
.c3 {
  box-sizing: border-box;
  display: -webkit-inline-box;
  display: -webkit-inline-flex;
  display: -ms-inline-flexbox;
  display: inline-flex;
}

.c4 {
  -webkit-flex: none;
  -ms-flex: none;
  flex: none;
  color: inherit;
}

.c2 {
  box-sizing: border-box;
  position: relative;
  height: 3rem;
  min-width: 3rem;
  padding-left: 32px;
  padding-right: 32px;
  padding-top: 0;
  padding-bottom: 0;
  font-size: inherit;
  font-family: "Source Sans Pro",-apple-system,sans-serif;
  font-weight: 600;
  line-height: 1;
  color: #fff;
  background-color: #999;
  border: none;
  border-radius: 4px;
  box-shadow: 0px 2px 4px rgba(0,0,0,0.1);
  --main-color: #4E3FCE;
  --contrast-color: #fff;
}

.c2 {
  -webkit-font-smoothing: antialiased;
  -webkit-appearance: none;
  -moz-appearance: none;
  appearance: none;
  -webkit-user-select: none;
  -moz-user-select: none;
  -ms-user-select: none;
  user-select: none;
  white-space: nowrap;
  -webkit-text-decoration: none;
  text-decoration: none;
  text-align: center;
  overflow: hidden;
  display: -webkit-inline-box;
  display: -webkit-inline-flex;
  display: -ms-inline-flexbox;
  display: inline-flex;
  -webkit-align-items: center;
  -webkit-box-align: center;
  -ms-flex-align: center;
  align-items: center;
  -webkit-box-pack: center;
  -webkit-justify-content: center;
  -ms-flex-pack: center;
  justify-content: center;
}

.c2:hover {
  cursor: pointer;
}

.c2:disabled {
  opacity: 0.5;
  pointer-events: none;
}

.c2 > span.button-text {
  display: -webkit-inline-box;
  display: -webkit-inline-flex;
  display: -ms-inline-flexbox;
  display: inline-flex;
}

.c2 > div > svg,
.c2 > span.button-text {
  position: relative;
  z-index: 1;
  -webkit-user-select: none;
  -moz-user-select: none;
  -ms-user-select: none;
  user-select: none;
  pointer-events: none;
}

.c2 > div > svg {
  display: block;
}

.c2 > div:first-child > svg {
  margin-left: -0.5rem;
  margin-right: .5rem;
}

.c2 > div:last-child > svg {
  margin-left: .5rem;
  margin-right: -0.5rem;
}

.c2 > div:first-child:last-child > svg {
  margin: 0;
}

.c2 {
  color: var(--contrast-color);
  background: #FFF;
  z-index: 0;
  -webkit-transition: all 0.15s ease;
  transition: all 0.15s ease;
}

.c2:hover {
  -webkit-text-decoration: inherit;
  text-decoration: inherit;
  box-shadow: 0px 2px 4px rgba(0,0,0,0.2);
}

.c2:hover::before {
  opacity: 0.9;
}

.c2:active {
  box-shadow: none;
  background: #000;
}

.c2::before {
  content: '';
  position: absolute;
  top: 0;
  bottom: 0;
  left: 0;
  right: 0;
  z-index: 1;
  height: 100%;
  width: 100%;
  background: var(--main-color);
  pointer-events: none;
}

.c1 {
  width: 0;
  height: 0;
  opacity: 0;
  position: absolute;
  overflow: hidden;
  z-index: -1;
}

.c0 {
  display: inline-block;
  position: relative;
  cursor: pointer;
}

<label
  class="c0"
>
  <input
    class="c1"
    type="file"
  />
  <button
    class="sc-kcIISf c2"
    color="white"
    font-family="sansSerif"
    font-size="inherit"
    font-weight="3"
    height="3rem"
  >
    <div
      class="c3"
      display="inline-flex"
    >
      <svg
        class="c4"
        color="inherit"
        fill="currentcolor"
        height="24px"
        viewBox="0 0 24 24"
        width="24px"
      >
        <path
          d="M0 0h24v24H0z"
          fill="none"
        />
        <path
          d="M19.35 10.04A7.49 7.49 0 0012 4C9.11 4 6.6 5.64 5.35 8.04A5.994 5.994 0 000 14c0 3.31 2.69 6 6 6h13c2.76 0 5-2.24 5-5 0-2.64-2.05-4.78-4.65-4.96zM14 13v4h-4v-4H7l5-5 5 5h-3z"
        />
      </svg>
    </div>
    <span
      class="button-text"
    >
      Choose file…
    </span>
  </button>
</label>
`;
