// Jest Snapshot v1, https://goo.gl/fbAQLP

exports[`Avatar component sanity matches default snapshot 1`] = `
.c0 {
  box-sizing: border-box;
  width: 2rem;
  height: 2rem;
  background-color: #CCC;
}

.c1 {
  position: relative;
  overflow: hidden;
  border-radius: 100%;
  background-size: cover;
  background-position: center;
  background-repeat: no-repeat;
  background-image: url(test.jpg);
}

<div
  alt="Avatar"
  class="c0 c1"
  src="test.jpg"
/>
`;

exports[`Avatar component sanity matches themed snapshot 1`] = `
.c0 {
  box-sizing: border-box;
  width: 2rem;
  height: 2rem;
  background-color: #CCC;
}

.c1 {
  position: relative;
  overflow: hidden;
  border-radius: 100%;
  background-size: cover;
  background-position: center;
  background-repeat: no-repeat;
  background-image: url(test.jpg);
}

<div
  alt="Avatar"
  class="c0 c1"
  src="test.jpg"
/>
`;
