// Jest Snapshot v1, https://goo.gl/fbAQLP

exports[`Form component sanity matches default snapshot 1`] = `
.c0 {
  box-sizing: border-box;
}

<form
  class="c0"
/>
`;

exports[`Form component sanity matches themed snapshot 1`] = `
.c0 {
  box-sizing: border-box;
}

.c1 {
  box-sizing: border-box;
  display: -webkit-inline-box;
  display: -webkit-inline-flex;
  display: -ms-inline-flexbox;
  display: inline-flex;
  -webkit-flex-direction: column;
  -ms-flex-direction: column;
  flex-direction: column;
  -webkit-align-items: flex-start;
  -webkit-box-align: flex-start;
  -ms-flex-align: flex-start;
  align-items: flex-start;
  margin-bottom: 16px;
  width: 100%;
}

.c2 {
  box-sizing: border-box;
  font-size: 14px;
  font-weight: 600;
  margin-bottom: 8px;
  line-height: 1.5;
}

.c8 {
  box-sizing: border-box;
  display: -webkit-box;
  display: -webkit-flex;
  display: -ms-flexbox;
  display: flex;
  -webkit-align-items: center;
  -webkit-box-align: center;
  -ms-flex-align: center;
  align-items: center;
  margin-bottom: 16px;
  color: #4E3FCE;
  opacity: 1;
}

.c13 {
  box-sizing: border-box;
  color: #3F3D4B;
  font-size: 14px;
  font-weight: 600;
  line-height: 1;
  margin-left: 4px;
  margin-right: 8px;
}

.c11 {
  -webkit-flex: none;
  -ms-flex: none;
  flex: none;
  color: inherit;
}

.c12 {
  -webkit-flex: none;
  -ms-flex: none;
  flex: none;
  color: inherit;
}

.c6 {
  -webkit-flex: none;
  -ms-flex: none;
  flex: none;
  color: inherit;
}

.c7 {
  -webkit-flex: none;
  -ms-flex: none;
  flex: none;
  color: inherit;
}

.c5 {
  box-sizing: border-box;
  width: 100%;
  color: #3F3D4B;
  background-color: #fff;
  font-size: 1rem;
  line-height: initial;
  height: 3rem;
  padding: 16px;
  border: 1px solid transparent;
  border-color: #ccc;
  border-radius: 4px;
  box-shadow: 0px 2px 4px rgba(0,0,0,0.1);
}

.c5 {
  -webkit-appearance: none;
  -moz-appearance: none;
  appearance: none;
}

.c5:hover {
  box-shadow: 0px 2px 6px rgba(0,0,0,0.3);
}

.c5:focus {
  outline: none;
  border-color: #4E3FCE;
}

.c5:disabled {
  opacity: 0.4;
  pointer-events: none;
}

.c5[type="color"] {
  min-width: 3rem;
  padding: 0;
}

.c5[type="color"]::-webkit-color-swatch-wrapper {
  display: -webkit-box;
  display: -webkit-flex;
  display: -ms-flexbox;
  display: flex;
  -webkit-align-items: center;
  -webkit-box-align: center;
  -ms-flex-align: center;
  align-items: center;
  -webkit-box-pack: center;
  -webkit-justify-content: center;
  -ms-flex-pack: center;
  justify-content: center;
  padding: 0;
}

.c5[type="color"]::-webkit-color-swatch {
  -webkit-flex: 0 0 auto;
  -ms-flex: 0 0 auto;
  flex: 0 0 auto;
  height: 2rem;
  width: 2rem;
  border: none;
  border-radius: 100%;
}

.c5[type="color"]::-moz-color-swatch {
  height: 2rem;
  width: 2rem;
  border: none;
  border-radius: 100%;
}

.was-validated .c5:valid {
  border-color: #28C081;
}

.was-validated .c5:valid ~ svg.icon-valid {
  visibility: visible;
  color: #28C081;
}

.was-validated .c5:invalid {
  border-color: #DC2C10;
}

.was-validated .c5:invalid ~ svg.icon-invalid {
  visibility: visible;
  color: #DC2C10;
}

.c3 {
  position: relative;
  display: -webkit-box;
  display: -webkit-flex;
  display: -ms-flexbox;
  display: flex;
  -webkit-align-items: center;
  -webkit-box-align: center;
  -ms-flex-align: center;
  align-items: center;
  width: 100%;
}

.c3 > .c4 {
  padding-right: 3rem;
  text-overflow: ellipsis;
  white-space: no-wrap;
}

.c3 > svg {
  position: absolute;
  right: 1rem;
  visibility: hidden;
}

.c10 {
  position: relative;
  display: inline-block;
}

.c10 > input {
  cursor: pointer;
  -webkit-appearance: none;
  -moz-appearance: none;
  appearance: none;
  position: relative;
  z-index: 1;
  display: block;
  height: 1.5rem;
  width: 1.5rem;
  margin: 0;
}

.c10 > svg {
  position: absolute;
  z-index: 0;
  top: 0;
  left: 0;
  right: 0;
  bottom: 0;
  height: 100%;
  width: 100%;
  pointer-events: none;
  fill: #CCC;
}

.c10 > svg[name='checked'] {
  display: none;
  z-index: 1;
  fill: #4E3FCE;
}

.c10 > input:checked ~ svg[name='checked'] {
  display: block;
}

.c9 {
  cursor: pointer;
}

.c9:hover input:not(:disabled) ~ svg[name='unchecked'] {
  fill: currentColor;
}

<form
  class="c0"
>
  <label
    class="c1"
    display="inline-flex"
    width="1"
  >
    <div
      class="c2"
      font-size="1"
      font-weight="3"
    >
      Email
    </div>
    <div
      class="c3"
    >
      <input
        class="c4 c5"
        color="text"
        font-size="1rem"
        height="3rem"
        required=""
        type="email"
        width="1"
      />
      <svg
        class="c6 icon-valid"
        color="inherit"
        fill="currentcolor"
        height="24"
        size="24"
        viewBox="0 0 24 24"
        width="24"
      >
        <path
          d="M0 0h24v24H0z"
          fill="none"
        />
        <path
          d="M12 2C6.48 2 2 6.48 2 12s4.48 10 10 10 10-4.48 10-10S17.52 2 12 2zm-2 15l-5-5 1.41-1.41L10 14.17l7.59-7.59L19 8l-9 9z"
        />
      </svg>
      <svg
        class="c7 icon-invalid"
        color="inherit"
        fill="currentcolor"
        height="24"
        size="24"
        viewBox="0 0 24 24"
        width="24"
      >
        <path
          d="M0 0h24v24H0z"
          fill="none"
        />
        <path
          d="M1 21h22L12 2 1 21zm12-3h-2v-2h2v2zm0-4h-2v-4h2v4z"
        />
      </svg>
    </div>
  </label>
  <label
    class="c1"
    display="inline-flex"
    width="1"
  >
    <div
      class="c2"
      font-size="1"
      font-weight="3"
    >
      Password
    </div>
    <div
      class="c3"
    >
      <input
        class="c4 c5"
        color="text"
        font-size="1rem"
        height="3rem"
        required=""
        type="password"
        width="1"
      />
      <svg
        class="c6 icon-valid"
        color="inherit"
        fill="currentcolor"
        height="24"
        size="24"
        viewBox="0 0 24 24"
        width="24"
      >
        <path
          d="M0 0h24v24H0z"
          fill="none"
        />
        <path
          d="M12 2C6.48 2 2 6.48 2 12s4.48 10 10 10 10-4.48 10-10S17.52 2 12 2zm-2 15l-5-5 1.41-1.41L10 14.17l7.59-7.59L19 8l-9 9z"
        />
      </svg>
      <svg
        class="c7 icon-invalid"
        color="inherit"
        fill="currentcolor"
        height="24"
        size="24"
        viewBox="0 0 24 24"
        width="24"
      >
        <path
          d="M0 0h24v24H0z"
          fill="none"
        />
        <path
          d="M1 21h22L12 2 1 21zm12-3h-2v-2h2v2zm0-4h-2v-4h2v4z"
        />
      </svg>
    </div>
  </label>
  <label
    class="c8 c9"
    color="primary"
    display="flex"
    opacity="1"
  >
    <div
      class="c0 c10"
    >
      <input
        color="primary"
        mb="3"
        type="checkbox"
      />
      <svg
        class="c11"
        color="inherit"
        fill="currentcolor"
        height="24"
        name="checked"
        size="24"
        viewBox="0 0 24 24"
        width="24"
      >
        <path
          d="M0 0h24v24H0z"
          fill="none"
        />
        <path
          d="M19 3H5a2 2 0 00-2 2v14a2 2 0 002 2h14a2 2 0 002-2V5a2 2 0 00-2-2zm-9 14l-5-5 1.41-1.41L10 14.17l7.59-7.59L19 8l-9 9z"
        />
      </svg>
      <svg
        class="c12"
        color="inherit"
        fill="currentcolor"
        height="24"
        name="unchecked"
        size="24"
        viewBox="0 0 24 24"
        width="24"
      >
        <path
          d="M19 5v14H5V5h14m0-2H5c-1.1 0-2 .9-2 2v14c0 1.1.9 2 2 2h14c1.1 0 2-.9 2-2V5c0-1.1-.9-2-2-2z"
        />
        <path
          d="M0 0h24v24H0z"
          fill="none"
        />
      </svg>
    </div>
    <div
      class="c13"
      color="text"
      font-size="1"
      font-weight="3"
    >
      Remember me?
    </div>
  </label>
</form>
`;

exports[`Form component sanity renders children elements 1`] = `
.c0 {
  box-sizing: border-box;
}

.c1 {
  box-sizing: border-box;
  display: -webkit-inline-box;
  display: -webkit-inline-flex;
  display: -ms-inline-flexbox;
  display: inline-flex;
  -webkit-flex-direction: column;
  -ms-flex-direction: column;
  flex-direction: column;
  -webkit-align-items: flex-start;
  -webkit-box-align: flex-start;
  -ms-flex-align: flex-start;
  align-items: flex-start;
  margin-bottom: 16px;
  width: 100%;
}

.c2 {
  box-sizing: border-box;
  font-size: 14px;
  font-weight: 600;
  margin-bottom: 8px;
  line-height: 1.5;
}

.c8 {
  box-sizing: border-box;
  display: -webkit-box;
  display: -webkit-flex;
  display: -ms-flexbox;
  display: flex;
  -webkit-align-items: center;
  -webkit-box-align: center;
  -ms-flex-align: center;
  align-items: center;
  margin-bottom: 16px;
  color: #4E3FCE;
  opacity: 1;
}

.c13 {
  box-sizing: border-box;
  color: #3F3D4B;
  font-size: 14px;
  font-weight: 600;
  line-height: 1;
  margin-left: 4px;
  margin-right: 8px;
}

.c11 {
  -webkit-flex: none;
  -ms-flex: none;
  flex: none;
  color: inherit;
}

.c12 {
  -webkit-flex: none;
  -ms-flex: none;
  flex: none;
  color: inherit;
}

.c6 {
  -webkit-flex: none;
  -ms-flex: none;
  flex: none;
  color: inherit;
}

.c7 {
  -webkit-flex: none;
  -ms-flex: none;
  flex: none;
  color: inherit;
}

.c5 {
  box-sizing: border-box;
  width: 100%;
  color: #3F3D4B;
  background-color: #fff;
  font-size: 1rem;
  line-height: initial;
  height: 3rem;
  padding: 16px;
  border: 1px solid transparent;
  border-color: #ccc;
  border-radius: 4px;
  box-shadow: 0px 2px 4px rgba(0,0,0,0.1);
}

.c5 {
  -webkit-appearance: none;
  -moz-appearance: none;
  appearance: none;
}

.c5:hover {
  box-shadow: 0px 2px 6px rgba(0,0,0,0.3);
}

.c5:focus {
  outline: none;
  border-color: #4E3FCE;
}

.c5:disabled {
  opacity: 0.4;
  pointer-events: none;
}

.c5[type="color"] {
  min-width: 3rem;
  padding: 0;
}

.c5[type="color"]::-webkit-color-swatch-wrapper {
  display: -webkit-box;
  display: -webkit-flex;
  display: -ms-flexbox;
  display: flex;
  -webkit-align-items: center;
  -webkit-box-align: center;
  -ms-flex-align: center;
  align-items: center;
  -webkit-box-pack: center;
  -webkit-justify-content: center;
  -ms-flex-pack: center;
  justify-content: center;
  padding: 0;
}

.c5[type="color"]::-webkit-color-swatch {
  -webkit-flex: 0 0 auto;
  -ms-flex: 0 0 auto;
  flex: 0 0 auto;
  height: 2rem;
  width: 2rem;
  border: none;
  border-radius: 100%;
}

.c5[type="color"]::-moz-color-swatch {
  height: 2rem;
  width: 2rem;
  border: none;
  border-radius: 100%;
}

.was-validated .c5:valid {
  border-color: #28C081;
}

.was-validated .c5:valid ~ svg.icon-valid {
  visibility: visible;
  color: #28C081;
}

.was-validated .c5:invalid {
  border-color: #DC2C10;
}

.was-validated .c5:invalid ~ svg.icon-invalid {
  visibility: visible;
  color: #DC2C10;
}

.c3 {
  position: relative;
  display: -webkit-box;
  display: -webkit-flex;
  display: -ms-flexbox;
  display: flex;
  -webkit-align-items: center;
  -webkit-box-align: center;
  -ms-flex-align: center;
  align-items: center;
  width: 100%;
}

.c3 > .c4 {
  padding-right: 3rem;
  text-overflow: ellipsis;
  white-space: no-wrap;
}

.c3 > svg {
  position: absolute;
  right: 1rem;
  visibility: hidden;
}

.c10 {
  position: relative;
  display: inline-block;
}

.c10 > input {
  cursor: pointer;
  -webkit-appearance: none;
  -moz-appearance: none;
  appearance: none;
  position: relative;
  z-index: 1;
  display: block;
  height: 1.5rem;
  width: 1.5rem;
  margin: 0;
}

.c10 > svg {
  position: absolute;
  z-index: 0;
  top: 0;
  left: 0;
  right: 0;
  bottom: 0;
  height: 100%;
  width: 100%;
  pointer-events: none;
  fill: #CCC;
}

.c10 > svg[name='checked'] {
  display: none;
  z-index: 1;
  fill: #4E3FCE;
}

.c10 > input:checked ~ svg[name='checked'] {
  display: block;
}

.c9 {
  cursor: pointer;
}

.c9:hover input:not(:disabled) ~ svg[name='unchecked'] {
  fill: currentColor;
}

<form
  class="c0"
>
  <label
    class="c1"
    display="inline-flex"
    width="1"
  >
    <div
      class="c2"
      font-size="1"
      font-weight="3"
    >
      Email
    </div>
    <div
      class="c3"
    >
      <input
        class="c4 c5"
        color="text"
        font-size="1rem"
        height="3rem"
        required=""
        type="email"
        width="1"
      />
      <svg
        class="c6 icon-valid"
        color="inherit"
        fill="currentcolor"
        height="24"
        size="24"
        viewBox="0 0 24 24"
        width="24"
      >
        <path
          d="M0 0h24v24H0z"
          fill="none"
        />
        <path
          d="M12 2C6.48 2 2 6.48 2 12s4.48 10 10 10 10-4.48 10-10S17.52 2 12 2zm-2 15l-5-5 1.41-1.41L10 14.17l7.59-7.59L19 8l-9 9z"
        />
      </svg>
      <svg
        class="c7 icon-invalid"
        color="inherit"
        fill="currentcolor"
        height="24"
        size="24"
        viewBox="0 0 24 24"
        width="24"
      >
        <path
          d="M0 0h24v24H0z"
          fill="none"
        />
        <path
          d="M1 21h22L12 2 1 21zm12-3h-2v-2h2v2zm0-4h-2v-4h2v4z"
        />
      </svg>
    </div>
  </label>
  <label
    class="c1"
    display="inline-flex"
    width="1"
  >
    <div
      class="c2"
      font-size="1"
      font-weight="3"
    >
      Password
    </div>
    <div
      class="c3"
    >
      <input
        class="c4 c5"
        color="text"
        font-size="1rem"
        height="3rem"
        required=""
        type="password"
        width="1"
      />
      <svg
        class="c6 icon-valid"
        color="inherit"
        fill="currentcolor"
        height="24"
        size="24"
        viewBox="0 0 24 24"
        width="24"
      >
        <path
          d="M0 0h24v24H0z"
          fill="none"
        />
        <path
          d="M12 2C6.48 2 2 6.48 2 12s4.48 10 10 10 10-4.48 10-10S17.52 2 12 2zm-2 15l-5-5 1.41-1.41L10 14.17l7.59-7.59L19 8l-9 9z"
        />
      </svg>
      <svg
        class="c7 icon-invalid"
        color="inherit"
        fill="currentcolor"
        height="24"
        size="24"
        viewBox="0 0 24 24"
        width="24"
      >
        <path
          d="M0 0h24v24H0z"
          fill="none"
        />
        <path
          d="M1 21h22L12 2 1 21zm12-3h-2v-2h2v2zm0-4h-2v-4h2v4z"
        />
      </svg>
    </div>
  </label>
  <label
    class="c8 c9"
    color="primary"
    display="flex"
    opacity="1"
  >
    <div
      class="c0 c10"
    >
      <input
        color="primary"
        mb="3"
        type="checkbox"
      />
      <svg
        class="c11"
        color="inherit"
        fill="currentcolor"
        height="24"
        name="checked"
        size="24"
        viewBox="0 0 24 24"
        width="24"
      >
        <path
          d="M0 0h24v24H0z"
          fill="none"
        />
        <path
          d="M19 3H5a2 2 0 00-2 2v14a2 2 0 002 2h14a2 2 0 002-2V5a2 2 0 00-2-2zm-9 14l-5-5 1.41-1.41L10 14.17l7.59-7.59L19 8l-9 9z"
        />
      </svg>
      <svg
        class="c12"
        color="inherit"
        fill="currentcolor"
        height="24"
        name="unchecked"
        size="24"
        viewBox="0 0 24 24"
        width="24"
      >
        <path
          d="M19 5v14H5V5h14m0-2H5c-1.1 0-2 .9-2 2v14c0 1.1.9 2 2 2h14c1.1 0 2-.9 2-2V5c0-1.1-.9-2-2-2z"
        />
        <path
          d="M0 0h24v24H0z"
          fill="none"
        />
      </svg>
    </div>
    <div
      class="c13"
      color="text"
      font-size="1"
      font-weight="3"
    >
      Remember me?
    </div>
  </label>
</form>
`;
